   _  _       ___  _    _     _____  _                            
 _| || |_    / _ \| |_ | |_  /__   \| |__    ___  _ __ ___    ___ 
|_  ..  _|  / /_)/| __|| __|   / /\/| '_ \  / _ \| '_ ` _ \  / _ \
|_      _| / ___/ | |_ | |_   / /   | | | ||  __/| | | | | ||  __/
  |_||_|   \/      \__| \__|  \/    |_| |_| \___||_| |_| |_| \___|
                                                                  


[32m[1m## noslide.js[22m[39m

[32m[1m### noslide.js[22m[39m

[32m[1m#### noslide.js[22m[39m

[32m[1m##### noslide.js[22m[39m
   _  _       __                    _                  _      
 _| || |_    /__\ _ __ ___   _ __  | |__    __ _  ___ (_) ___ 
|_  ..  _|  /_\  | '_ ` _ \ | '_ \ | '_ \  / _` |/ __|| |/ __|
|_      _| //__  | | | | | || |_) || | | || (_| |\__ \| |\__ \
  |_||_|   \__/  |_| |_| |_|| .__/ |_| |_| \__,_||___/|_||___/
                            |_|                               


[3mThis text will be italic[23m
[3mThis will also be italic[23m

[1mThis text will be bold[22m
[1mThis will also be bold[22m

[3mYou ,[1mcan[22m, combine them[23m
   _  _     _____         _      _       
 _| || |_  /__   \  __ _ | |__  | |  ___ 
|_  ..  _|   / /\/ / _` || '_ \ | | / _ \
|_      _|  / /   | (_| || |_) || ||  __/
  |_||_|    \/     \__,_||_.__/ |_| \___|
                                         

[0m[90m┌──────────────┬───────────────┐[39m
[90m│[39m[31m First Header [39m[90m│[39m[31m Second Header [39m[90m│[39m
[90m├──────────────┼───────────────┤[39m
[90m│[39m cell 1       [90m│[39m cell 2        [90m│[39m
[90m├──────────────┼───────────────┤[39m
[90m│[39m first column [90m│[39m second column [90m│[39m
[90m└──────────────┴───────────────┘[39m[0m

   _  _       ___             _           ___  _               _    
 _| || |_    / __\  ___    __| |  ___    / __\| |  ___    ___ | | __
|_  ..  _|  / /    / _ \  / _` | / _ \  /__\//| | / _ \  / __|| |/ /
|_      _| / /___ | (_) || (_| ||  __/ / \/  \| || (_) || (__ |   < 
  |_||_|   \____/  \___/  \__,_| \___| \_____/|_| \___/  \___||_|\_\
                                                                    


   [32mvar[39m [34mconsole[39m[32m.[39m[34mlog[39m[90m([39m[92m"Hello >////<"[39m[90m)[39m[90m;[39m
   [37ma[39m [93m=[39m [33m[[39m[34m1[39m[32m,[39m[34m2[39m[32m,[39m[34m3[39m[32m,[39m[34m4[39m[32m,[39m[34m5[39m[33m][39m[90m;[39m                
   [37ma[39m[32m.[39m[37mforEach[39m[90m([39m[37mitem[39m [93m=>[39m [33m{[39m             
     [34mconsole[39m[32m.[39m[34mlog[39m[90m([39m[37mitem[39m[90m)[39m[90m;[39m            
   [33m}[39m[90m)[39m[90m;[39m                             
   

   [33mecho -e "Hello noslide.js" | grep "noslide"
   [39m
   _  _       ___            _                 __   _       _   
 _| || |_    /___\ _ __   __| |  ___  _ __    / /  (_) ___ | |_ 
|_  ..  _|  //  //| '__| / _` | / _ \| '__|  / /   | |/ __|| __|
|_      _| / \_// | |   | (_| ||  __/| |    / /___ | |\__ \| |_ 
  |_||_|   \___/  |_|    \__,_| \___||_|    \____/ |_||___/ \__|
                                                                

[0m        
1. item1
2. item2
3. item3
   [0m



   _  _                                    _                 __   _       _   
 _| || |_   /\ /\  _ __    ___   _ __   __| |  ___  _ __    / /  (_) ___ | |_ 
|_  ..  _| / / \ \| '_ \  / _ \ | '__| / _` | / _ \| '__|  / /   | |/ __|| __|
|_      _| \ \_/ /| | | || (_) || |   | (_| ||  __/| |    / /___ | |\__ \| |_ 
  |_||_|    \___/ |_| |_| \___/ |_|    \__,_| \___||_|    \____/ |_||___/ \__|
                                                                              

[0m          
    * item   
    * item   
   .. subitem
   [0m


   _  _       __   _         _    
 _| || |_    / /  (_) _ __  | | __
|_  ..  _|  / /   | || '_ \ | |/ /
|_      _| / /___ | || | | ||   < 
  |_||_|   \____/ |_||_| |_||_|\_\
                                  


[34mGitHub ([34m[4mhttps://github.com/[24m[34m)[39m
[34mnoslide.js ([34m[4mhttps://github.com/crazyguitar/noslide.js[24m[34m)[39m
   _  _       ___  _               _                          _         
 _| || |_    / __\| |  ___    ___ | | __  __ _  _   _   ___  | |_   ___ 
|_  ..  _|  /__\//| | / _ \  / __|| |/ / / _` || | | | / _ \ | __| / _ \
|_      _| / \/  \| || (_) || (__ |   < | (_| || |_| || (_) || |_ |  __/
  |_||_|   \_____/|_| \___/  \___||_|\_\ \__, | \__,_| \___/  \__| \___|
                                            |_|                         


[90m[3m   > Blockquotes are very handy in email to emulate reply text.
   > This line is part of the same quote.                      
   
   [23m[39m


Quote break.

[90m[3m   > This is a very long line that will still be quoted properly when it wraps. Oh boy let&#39;s keep writing to make sure this is long enough to actually wrap for everyone. Oh, you can [3mput[3m [1mMarkdown[22m into a blockquote.
   
   [23m[39m

