db   db d88888b db      db       .d88b.    d8b   db  .d88b.  .d8888. db      d888888b d8888b. d88888b       d88b .d8888. 
88   88 88'     88      88      .8P  Y8.   888o  88 .8P  Y8. 88'  YP 88        `88'   88  `8D 88'           `8P' 88'  YP 
88ooo88 88ooooo 88      88      88    88   88V8o 88 88    88 `8bo.   88         88    88   88 88ooooo        88  `8bo.   
88~~~88 88~~~~~ 88      88      88    88   88 V8o88 88    88   `Y8b. 88         88    88   88 88~~~~~        88    `Y8b. 
88   88 88.     88booo. 88booo. `8b  d8'   88  V888 `8b  d8' db   8D 88booo.   .88.   88  .8D 88.     db db. 88  db   8D 
YP   YP Y88888P Y88888P Y88888P  `Y88P'    VP   V8P  `Y88P'  `8888Y' Y88888P Y888888P Y8888D' Y88888P VP Y8888P  `8888Y' 
                                                                                                                         
                                                                                                                         

