 ____  _____  _____    _____  _     _____ _      _____
/  __\/__ __\/__ __\  /__ __\/ \ /|/  __// \__/|/  __/
|  \/|  / \    / \      / \  | |_|||  \  | |\/|||  \  
|  __/  | |    | |      | |  | | |||  /_ | |  |||  /_ 
\_/     \_/    \_/      \_/  \_/ \|\____\\_/  \|\____\
                                                      


[32m[1mnoslide.js[22m[39m

[32m[1mnoslide.js[22m[39m

[32m[1mnoslide.js[22m[39m

[32m[1mnoslide.js[22m[39m
 _____ _      ____  _     ____  ____  _  ____ 
/  __// \__/|/  __\/ \ /|/  _ \/ ___\/ \/ ___\
|  \  | |\/|||  \/|| |_||| / \||    \| ||    \
|  /_ | |  |||  __/| | ||| |-||\___ || |\___ |
\____\\_/  \|\_/   \_/ \|\_/ \|\____/\_/\____/
                                              


[3mThis text will be italic[23m
[3mThis will also be italic[23m

[1mThis text will be bold[22m
[1mThis will also be bold[22m

[3mYou ,[1mcan[22m, combine them[23m
 _____  ____  ____  _     _____
/__ __\/  _ \/  _ \/ \   /  __/
  / \  | / \|| | //| |   |  \  
  | |  | |-||| |_\\| |_/\|  /_ 
  \_/  \_/ \|\____/\____/\____\
                               

[0m[90m┌──────────────┬───────────────┐[39m
[90m│[39m[31m First Header [39m[90m│[39m[31m Second Header [39m[90m│[39m
[90m├──────────────┼───────────────┤[39m
[90m│[39m cell 1       [90m│[39m cell 2        [90m│[39m
[90m├──────────────┼───────────────┤[39m
[90m│[39m first column [90m│[39m second column [90m│[39m
[90m└──────────────┴───────────────┘[39m[0m

 ____  ____  ____  _____   ____  _     ____  ____  _  __
/   _\/  _ \/  _ \/  __/  /  __\/ \   /  _ \/   _\/ |/ /
|  /  | / \|| | \||  \    | | //| |   | / \||  /  |   / 
|  \__| \_/|| |_/||  /_   | |_\\| |_/\| \_/||  \_ |   \ 
\____/\____/\____/\____\  \____/\____/\____/\____/\_|\_\
                                                        


   [32mvar[39m [34mconsole[39m[32m.[39m[34mlog[39m[90m([39m[92m"Hello >////<"[39m[90m)[39m[90m;[39m
   [37ma[39m [93m=[39m [33m[[39m[34m1[39m[32m,[39m[34m2[39m[32m,[39m[34m3[39m[32m,[39m[34m4[39m[32m,[39m[34m5[39m[33m][39m[90m;[39m                
   [37ma[39m[32m.[39m[37mforEach[39m[90m([39m[37mitem[39m [93m=>[39m [33m{[39m             
     [34mconsole[39m[32m.[39m[34mlog[39m[90m([39m[37mitem[39m[90m)[39m[90m;[39m            
   [33m}[39m[90m)[39m[90m;[39m                             
   

   [33mecho -e "Hello noslide.js" | grep "noslide"
   [39m
 ____  ____  ____  _____ ____    _     _  ____  _____ 
/  _ \/  __\/  _ \/  __//  __\  / \   / \/ ___\/__ __\
| / \||  \/|| | \||  \  |  \/|  | |   | ||    \  / \  
| \_/||    /| |_/||  /_ |    /  | |_/\| |\___ |  | |  
\____/\_/\_\\____/\____\\_/\_\  \____/\_/\____/  \_/  
                                                      

[0m        
1. item1
2. item2
3. item3
   [0m



 _     _      ____  ____  ____  _____ ____    _     _  ____  _____ 
/ \ /\/ \  /|/  _ \/  __\/  _ \/  __//  __\  / \   / \/ ___\/__ __\
| | ||| |\ ||| / \||  \/|| | \||  \  |  \/|  | |   | ||    \  / \  
| \_/|| | \||| \_/||    /| |_/||  /_ |    /  | |_/\| |\___ |  | |  
\____/\_/  \|\____/\_/\_\\____/\____\\_/\_\  \____/\_/\____/  \_/  
                                                                   

[0m          
    * item   
    * item   
   .. subitem
   [0m


 _     _  _      _  __
/ \   / \/ \  /|/ |/ /
| |   | || |\ |||   / 
| |_/\| || | \|||   \ 
\____/\_/\_/  \|\_|\_\
                      


[34mGitHub ([34m[4mhttps://github.com/[24m[34m)[39m
[34mnoslide.js ([34m[4mhttps://github.com/crazyguitar/noslide.js[24m[34m)[39m
 ____  _     ____  ____  _  __ ____  _     ____  _____  _____
/  __\/ \   /  _ \/   _\/ |/ //  _ \/ \ /\/  _ \/__ __\/  __/
| | //| |   | / \||  /  |   / | / \|| | ||| / \|  / \  |  \  
| |_\\| |_/\| \_/||  \_ |   \ | \_\|| \_/|| \_/|  | |  |  /_ 
\____/\____/\____/\____/\_|\_\\____\\____/\____/  \_/  \____\
                                                             


[90m[3m   > Blockquotes are very handy in email to emulate reply text.
   > This line is part of the same quote.                      
   
   [23m[39m


Quote break.

[90m[3m   > This is a very long line that will still be quoted properly when it wraps. Oh boy let&#39;s keep writing to make sure this is long enough to actually wrap for everyone. Oh, you can [3mput[3m [1mMarkdown[22m into a blockquote.
   
   [23m[39m

